../Core/Src/main.c:117:6:debug_led	8	static
../Core/Src/main.c:131:5:main	8	static
../Core/Src/main.c:215:6:SystemClock_Config	88	static
../Core/Src/main.c:269:13:MX_USART2_UART_Init	8	static
../Core/Src/main.c:302:13:MX_USART3_UART_Init	8	static
../Core/Src/main.c:333:13:MX_DMA_Init	16	static
../Core/Src/main.c:360:13:MX_GPIO_Init	48	static
../Core/Src/main.c:412:6:StartDefaultTask	496	static
../Core/Src/main.c:502:6:StartTask02	24	static
../Core/Src/main.c:524:6:HAL_TIM_PeriodElapsedCallback	16	static
../Core/Src/main.c:541:6:Error_Handler	4	static,ignoring_inline_asm
