17:15:11 **** Incremental Build of configuration Debug for project micro_ros ****
make -j16 all 
docker pull microros/micro_ros_static_library_builder:foxy && docker run --rm -v /home/frank/STM32CubeIDE/workspace_1.14.0/micro_ros:/project --env MICROROS_LIBRARY_FOLDER=micro_ros_stm32cubemx_utils/microros_static_library_ide microros/micro_ros_static_library_builder:foxy
foxy: Pulling from microros/micro_ros_static_library_builder
Digest: sha256:bda0dcca059534cfc39f1fb2744bf58807acb8c6215a33f17fed2a9af15501a7
Status: Image is up to date for microros/micro_ros_static_library_builder:foxy
docker.io/microros/micro_ros_static_library_builder:foxy
dos2unix: converting file /project/micro_ros_stm32cubemx_utils/microros_static_library_ide/library_generation/library_generation.sh to Unix format...
micro-ROS library found. Skipping...
Delete micro_ros_stm32cubemx_utils/microros_static_library_ide/libmicroros/ for rebuild.
 
arm-none-eabi-size  micro_ros.elf 
   text	   data	    bss	    dec	    hex	filename
  74932	    208	  57744	 132884	  20714	micro_ros.elf
Finished building: default.size.stdout
 

17:15:13 Build Finished. 0 errors, 0 warnings. (took 1s.830ms)

