14:24:06 **** Incremental Build of configuration Debug for project thesis_bms ****
make -j16 all 
docker pull microros/micro_ros_static_library_builder:foxy && docker run --rm -v /home/frank/STM32CubeIDE/workspace_1.14.0/thesis_bms:/project --env MICROROS_LIBRARY_FOLDER=micro_ros_stm32cubemx_utils/microros_static_library_ide microros/micro_ros_static_library_builder:foxy
foxy: Pulling from microros/micro_ros_static_library_builder
Digest: sha256:bda0dcca059534cfc39f1fb2744bf58807acb8c6215a33f17fed2a9af15501a7
Status: Image is up to date for microros/micro_ros_static_library_builder:foxy
docker.io/microros/micro_ros_static_library_builder:foxy
dos2unix: converting file /project/micro_ros_stm32cubemx_utils/microros_static_library_ide/library_generation/library_generation.sh to Unix format...
micro-ROS library found. Skipping...
Delete micro_ros_stm32cubemx_utils/microros_static_library_ide/libmicroros/ for rebuild.
 
arm-none-eabi-gcc "../Core/Src/main.c" -mcpu=cortex-m4 -std=gnu11 -g3 -DDEBUG -DUSE_HAL_DRIVER -DSTM32F446xx -c -I../Core/Inc -I"/home/frank/STM32CubeIDE/workspace_1.14.0/thesis_bms/micro_ros_stm32cubemx_utils/microros_static_library_ide/libmicroros/include" -I/home/frank/STM32Cube/Repository/STM32Cube_FW_F4_V1.28.0/Drivers/STM32F4xx_HAL_Driver/Inc -I/home/frank/STM32Cube/Repository/STM32Cube_FW_F4_V1.28.0/Drivers/STM32F4xx_HAL_Driver/Inc/Legacy -I/home/frank/STM32Cube/Repository/STM32Cube_FW_F4_V1.28.0/Middlewares/Third_Party/FreeRTOS/Source/include -I/home/frank/STM32Cube/Repository/STM32Cube_FW_F4_V1.28.0/Middlewares/Third_Party/FreeRTOS/Source/CMSIS_RTOS_V2 -I/home/frank/STM32Cube/Repository/STM32Cube_FW_F4_V1.28.0/Middlewares/Third_Party/FreeRTOS/Source/portable/GCC/ARM_CM4F -I/home/frank/STM32Cube/Repository/STM32Cube_FW_F4_V1.28.0/Drivers/CMSIS/Device/ST/STM32F4xx/Include -I/home/frank/STM32Cube/Repository/STM32Cube_FW_F4_V1.28.0/Drivers/CMSIS/Include -O0 -ffunction-sections -fdata-sections -Wall -fstack-usage -fcyclomatic-complexity -MMD -MP -MF"Core/Src/main.d" -MT"Core/Src/main.o" --specs=nano.specs -mfpu=fpv4-sp-d16 -mfloat-abi=hard -mthumb -o "Core/Src/main.o"
arm-none-eabi-gcc "../Core/Src/stm32f4xx_hal_msp.c" -mcpu=cortex-m4 -std=gnu11 -g3 -DDEBUG -DUSE_HAL_DRIVER -DSTM32F446xx -c -I../Core/Inc -I"/home/frank/STM32CubeIDE/workspace_1.14.0/thesis_bms/micro_ros_stm32cubemx_utils/microros_static_library_ide/libmicroros/include" -I/home/frank/STM32Cube/Repository/STM32Cube_FW_F4_V1.28.0/Drivers/STM32F4xx_HAL_Driver/Inc -I/home/frank/STM32Cube/Repository/STM32Cube_FW_F4_V1.28.0/Drivers/STM32F4xx_HAL_Driver/Inc/Legacy -I/home/frank/STM32Cube/Repository/STM32Cube_FW_F4_V1.28.0/Middlewares/Third_Party/FreeRTOS/Source/include -I/home/frank/STM32Cube/Repository/STM32Cube_FW_F4_V1.28.0/Middlewares/Third_Party/FreeRTOS/Source/CMSIS_RTOS_V2 -I/home/frank/STM32Cube/Repository/STM32Cube_FW_F4_V1.28.0/Middlewares/Third_Party/FreeRTOS/Source/portable/GCC/ARM_CM4F -I/home/frank/STM32Cube/Repository/STM32Cube_FW_F4_V1.28.0/Drivers/CMSIS/Device/ST/STM32F4xx/Include -I/home/frank/STM32Cube/Repository/STM32Cube_FW_F4_V1.28.0/Drivers/CMSIS/Include -O0 -ffunction-sections -fdata-sections -Wall -fstack-usage -fcyclomatic-complexity -MMD -MP -MF"Core/Src/stm32f4xx_hal_msp.d" -MT"Core/Src/stm32f4xx_hal_msp.o" --specs=nano.specs -mfpu=fpv4-sp-d16 -mfloat-abi=hard -mthumb -o "Core/Src/stm32f4xx_hal_msp.o"
arm-none-eabi-gcc "../Core/Src/stm32f4xx_it.c" -mcpu=cortex-m4 -std=gnu11 -g3 -DDEBUG -DUSE_HAL_DRIVER -DSTM32F446xx -c -I../Core/Inc -I"/home/frank/STM32CubeIDE/workspace_1.14.0/thesis_bms/micro_ros_stm32cubemx_utils/microros_static_library_ide/libmicroros/include" -I/home/frank/STM32Cube/Repository/STM32Cube_FW_F4_V1.28.0/Drivers/STM32F4xx_HAL_Driver/Inc -I/home/frank/STM32Cube/Repository/STM32Cube_FW_F4_V1.28.0/Drivers/STM32F4xx_HAL_Driver/Inc/Legacy -I/home/frank/STM32Cube/Repository/STM32Cube_FW_F4_V1.28.0/Middlewares/Third_Party/FreeRTOS/Source/include -I/home/frank/STM32Cube/Repository/STM32Cube_FW_F4_V1.28.0/Middlewares/Third_Party/FreeRTOS/Source/CMSIS_RTOS_V2 -I/home/frank/STM32Cube/Repository/STM32Cube_FW_F4_V1.28.0/Middlewares/Third_Party/FreeRTOS/Source/portable/GCC/ARM_CM4F -I/home/frank/STM32Cube/Repository/STM32Cube_FW_F4_V1.28.0/Drivers/CMSIS/Device/ST/STM32F4xx/Include -I/home/frank/STM32Cube/Repository/STM32Cube_FW_F4_V1.28.0/Drivers/CMSIS/Include -O0 -ffunction-sections -fdata-sections -Wall -fstack-usage -fcyclomatic-complexity -MMD -MP -MF"Core/Src/stm32f4xx_it.d" -MT"Core/Src/stm32f4xx_it.o" --specs=nano.specs -mfpu=fpv4-sp-d16 -mfloat-abi=hard -mthumb -o "Core/Src/stm32f4xx_it.o"
../Core/Src/main.c: In function 'StartDefaultTask':
../Core/Src/main.c:54:14: warning: 'return' with a value, in function returning void [-Wreturn-type]
   54 |       return 1;                                                                    \
      |              ^
../Core/Src/main.c:453:3: note: in expansion of macro 'RCCHECK'
  453 |   RCCHECK(rclc_publisher_init_best_effort(
      |   ^~~~~~~
../Core/Src/main.c:412:6: note: declared here
  412 | void StartDefaultTask(void *argument)
      |      ^~~~~~~~~~~~~~~~
../Core/Src/main.c:54:14: warning: 'return' with a value, in function returning void [-Wreturn-type]
   54 |       return 1;                                                                    \
      |              ^
../Core/Src/main.c:490:3: note: in expansion of macro 'RCCHECK'
  490 |   RCCHECK(rcl_publisher_fini(&publisher_battery, &node));
      |   ^~~~~~~
../Core/Src/main.c:412:6: note: declared here
  412 | void StartDefaultTask(void *argument)
      |      ^~~~~~~~~~~~~~~~
../Core/Src/main.c:54:14: warning: 'return' with a value, in function returning void [-Wreturn-type]
   54 |       return 1;                                                                    \
      |              ^
../Core/Src/main.c:491:3: note: in expansion of macro 'RCCHECK'
  491 |   RCCHECK(rcl_node_fini(&node));
      |   ^~~~~~~
../Core/Src/main.c:412:6: note: declared here
  412 | void StartDefaultTask(void *argument)
      |      ^~~~~~~~~~~~~~~~
../Core/Src/main.c: In function 'StartTask02':
../Core/Src/main.c:510:40: warning: pointer targets in passing argument 2 of 'HAL_UART_Transmit_DMA' differ in signedness [-Wpointer-sign]
  510 |         HAL_UART_Transmit_DMA(&huart2, (char *)message, sizeof(message));
      |                                        ^~~~~~~~~~~~~~~
      |                                        |
      |                                        char *
In file included from ../Core/Inc/stm32f4xx_hal_conf.h:411,
                 from /home/frank/STM32Cube/Repository/STM32Cube_FW_F4_V1.28.0/Drivers/STM32F4xx_HAL_Driver/Inc/stm32f4xx_hal.h:29,
                 from ../Core/Inc/main.h:30,
                 from ../Core/Src/main.c:20:
/home/frank/STM32Cube/Repository/STM32Cube_FW_F4_V1.28.0/Drivers/STM32F4xx_HAL_Driver/Inc/stm32f4xx_hal_uart.h:749:83: note: expected 'const uint8_t *' {aka 'const unsigned char *'} but argument is of type 'char *'
  749 | HAL_StatusTypeDef HAL_UART_Transmit_DMA(UART_HandleTypeDef *huart, const uint8_t *pData, uint16_t Size);
      |                                                                    ~~~~~~~~~~~~~~~^~~~~
arm-none-eabi-gcc -o "thesis_bms.elf" @"objects.list"  -lmicroros -mcpu=cortex-m4 -T"/home/frank/STM32CubeIDE/workspace_1.14.0/thesis_bms/STM32F446RETX_FLASH.ld" --specs=nosys.specs -Wl,-Map="thesis_bms.map" -Wl,--gc-sections -static -L/home/frank/STM32CubeIDE/workspace_1.14.0/thesis_bms/micro_ros_stm32cubemx_utils/microros_static_library_ide/libmicroros --specs=nano.specs -mfpu=fpv4-sp-d16 -mfloat-abi=hard -mthumb -Wl,--start-group -lc -lm -Wl,--end-group
Finished building target: thesis_bms.elf
 
arm-none-eabi-size  thesis_bms.elf 
arm-none-eabi-objdump -h -S thesis_bms.elf  > "thesis_bms.list"
   text	   data	    bss	    dec	    hex	filename
  79260	    288	  58112	 137660	  219bc	thesis_bms.elf
Finished building: default.size.stdout
 
Finished building: thesis_bms.list
 

14:24:13 Build Finished. 0 errors, 4 warnings. (took 6s.811ms)

